2025-09-18 01:26:33,654 - INFO - ============================================================
2025-09-18 01:26:33,654 - INFO - Starting Orders and Products Data Merger (Optimized)
2025-09-18 01:26:33,654 - INFO - ============================================================
2025-09-18 01:26:33,654 - INFO - Loading products data...
2025-09-18 01:26:33,765 - INFO - Loaded products data: 9 records in 0.11 seconds
2025-09-18 01:26:33,768 - INFO - Creating SKU to Product Code mapping...
2025-09-18 01:26:33,778 - INFO - Created SKU mapping with 9 entries
2025-09-18 01:26:33,786 - INFO - Analyzing orders file structure...
2025-09-18 01:26:33,786 - INFO - Orders file size: 0.0 MB
2025-09-18 01:26:33,786 - INFO - Small dataset detected - using simple processing method
2025-09-18 01:26:33,786 - INFO - Loading orders data for simple processing...
2025-09-18 01:26:33,805 - INFO - 
============================================================
2025-09-18 01:26:33,805 - INFO - Simple processing completed successfully!
2025-09-18 01:26:33,805 - INFO - Total records processed: 21
2025-09-18 01:26:33,805 - INFO - Successfully mapped: 21 (100.0%)
2025-09-18 01:26:33,805 - INFO - Unmapped records: 0 (0.0%)
2025-09-18 01:26:33,805 - INFO - Processing time: 0.02 seconds
2025-09-18 01:26:33,805 - INFO - Output file: processed/orders.xlsx
2025-09-18 01:26:33,805 - INFO - ============================================================
2025-09-18 01:26:33,805 - INFO - Validating output file...
2025-09-18 01:26:33,810 - INFO - Output file columns: ['Full name', 'Address', 'Email', 'Lead source', 'Ticket number', 'Location', 'Date', 'Product name', 'Product', 'Product Code', 'Product quantity', 'Price ($)', 'Subtotal ($)', 'Discount ($)', 'Tax ($)', 'Net sales ($)']
2025-09-18 01:26:33,810 - INFO - Sample of merged data:
2025-09-18 01:26:33,813 - INFO - 
       Product  ...  Product quantity
0    338005401  ...                 1
1  64992561123  ...                 1
2  18214803232  ...                 2
3  64992542115  ...                 1
4  64992542207  ...                 1

[5 rows x 4 columns]
2025-09-18 01:26:33,813 - INFO - Output file size: 0.0 MB
2025-09-18 01:26:33,813 - INFO - 
Total execution time: 0.16 seconds
2025-09-18 01:26:33,813 - INFO - Data merging completed successfully!
2025-09-18 01:26:33,813 - INFO - ============================================================
